Rønne 403
Aakirkeby 358
Nexø 98
Svaneke 124
Østermarie 13
Gudhjem 105
Allinge 117
Klemensker 44
Hasle 28
Traceback (most recent call last):
  File "/home/runner/work/detskeri/detskeri/tools/kultunaut.py", line 146, in <module>
    main()
  File "/home/runner/work/detskeri/detskeri/tools/kultunaut.py", line 133, in main
    events = parse(rows, today)
             ^^^^^^^^^^^^^^^^^^
  File "/home/runner/work/detskeri/detskeri/tools/kultunaut.py", line 67, in parse
    ev = parse_one(*r)
         ^^^^^^^^^^^^^
  File "/home/runner/work/detskeri/detskeri/tools/kultunaut.py", line 41, in parse_one
    y_end = int(y2 or y1); mo_end = MON[(mo2 or mo1).lower()[:3]]
            ^^^^^^^^^^^^^
TypeError: int() argument must be a string, a bytes-like object or a real number, not 'NoneType'
